version: "0.1"
summary:
  status: ERROR
  tests:
    total: 4
    passed: 2
    failed: 1
    errors: 1
  files:
    total: 1
    with_failures: 1
  elapsed: 1.2s
failures:
  - file: UserTest.java
    tests:
      - line: 1
        name: requires password
        type: failure
        expected: "true"
        actual: "false"
      - line: 1
        name: authentication
        type: error
        error: "NoMethodError: undefined method `authenticate' for nil:NilClass"
